<!doctype html>
<html>
  <head>
  <meta content='width=device-width, initial-scale=1.0, maximum-scale=1.0, user-scalable=0' name='viewport'>
  <meta charset="UTF-8">
      <title>Index | Wikic</title>
    <link rel="stylesheet" href="css/style.css">
  </head>
  <body>
    <div class="wrapper">
        <p>Hello World!</p>

        </div>
  </body>
</html>
